Extension "GIMP XCF" failed to load because a dependency was not met.
Dependency:
	type: executable
	location: path
	string: gimp

Extension "Export to PDF via Scribus" failed to load because a dependency was not met.
Dependency:
	type: executable
	location: path
	string: scribus

Extension "Optimized PNG" failed to load because a dependency was not met.
Dependency:
	type: executable
	location: path
	string: optipng

Extension "Formula (pdflatex)" failed to load because a dependency was not met.
Dependency:
	type: executable
	location: path
	string: pdflatex

Extension "XFIG Input" failed to load because a dependency was not met.
Dependency:
	type: executable
	location: path
	string: fig2dev

Extension "EPS Input" failed to load because a dependency was not met.
Dependency:
	type: executable
	location: path
	string: /nix/store/1m4lw66ridcyibpvay4j522xgvnd6n7y-ghostscript-with-X-10.02.1/bin/ps2pdf

Extension "PostScript Input" failed to load because a dependency was not met.
Dependency:
	type: executable
	location: path
	string: /nix/store/1m4lw66ridcyibpvay4j522xgvnd6n7y-ghostscript-with-X-10.02.1/bin/ps2pdf

